// Jest Snapshot v1, https://jestjs.io/docs/snapshot-testing

exports[`Ticket 8 AC-6 Snapshot testing Collection page matches snapshot 1`] = `
<div>
  <div
    class="p-6"
  >
    <h1
      class="text-2xl font-bold text-gray-900 dark:text-gray-100 mb-2"
    >
      My Pins
    </h1>
    <p
      class="text-sm text-gray-500 dark:text-gray-300 mb-6"
    >
      Your personal pin collection.
    </p>
    <div
      class="grid grid-cols-2 md:grid-cols-3 lg:grid-cols-4 gap-4"
    >
      <div
        class=" bg-white  dark:bg-neutral-800  border  border-gray-500 dark:border-gray-200  rounded-lg p-3  cursor-pointer  hover:shadow-md  transition-shadow hover:ring"
        data-testid="pin-card"
      >
        <img
          alt="Kermit the Frog"
          class="w-full aspect-square object-cover rounded-md mb-2"
          src="https://placehold.co/200x200?text=Kermit%20the%20Frog"
        />
        <p
          class="text-sm font-semibold text-gray-900 dark:text-gray-100 truncate"
        >
          Kermit the Frog
        </p>
        <p
          class="text-xs text-gray-500 dark:text-gray-300 truncate"
        >
          Muppets Christmas Carol
        </p>
        <p
          class="text-xs text-disney-dark-blue dark:text-disney-light-blue font-medium mt-1"
        >
          3
           
          credits
        </p>
        <button
          class="mt-2 w-full px-2 py-1 text-xs bg-disney-light-blue text-disney-dark-blue rounded hover:bg-disney-dark-blue hover:text-white dark:hover:bg-white dark:hover:text-disney-dark-blue"
          data-testid="trade-button"
        >
          Post to Trading Post
        </button>
      </div>
    </div>
    <div
      class="mt-8 text-center"
    >
      <button
        class=" px-4  py-2  text-sm  bg-disney-light-blue  text-disney-dark-blue  rounded-md  hover:bg-disney-dark-blue  dark:hover:bg-white dark:hover:text-disney-dark-blue hover:text-white"
      >
        Browse More Pins
      </button>
    </div>
  </div>
</div>
`;
